
> temp_app@0.1.0 build
> next build

Γû▓ Next.js 16.1.1 (Turbopack)
- Environments: .env.local

  Creating an optimized production build ...
Γ£ô Compiled successfully in 7.4s
  Running TypeScript ...
node.exe : Failed to 
compile.
At line:1 char:1
+ & "C:\Program Files
\nodejs/node.exe" 
"C:\Program 
Files\nodejs/node_mo 
...
+ ~~~~~~~~~~~~~~~~~~~
~~~~~~~~~~~~~~~~~~~~~
~~~~~~~~~~~~~~~~~~~~~
~~~~~~~~
    + CategoryInfo   
           : NotSpe  
  cified: (Failed    
 to compile.:Stri    
ng) [], RemoteEx    
ception
    + FullyQualified 
   ErrorId : Native  
  CommandError
 

./src/app/learner/pra
ctice/[id]/page.tsx:1
50:17
Type error: Property 
'nomatch' does not 
exist on type 
'SpeechRecognition'. 
Did you mean 
'onnomatch'?

[0m [90m 148 
|[39m     recognitio
n[33m.[39monspeechs
tart [33m=[39m () 
[33m=>[39m console
[33m.[39mlog([32m"S
peech STARTED"[39m)
[33m;[39m
 [90m 149 |[39m    
 recognition[33m.[3
9monspeechend 
[33m=[39m () 
[33m=>[39m console
[33m.[39mlog([32m"S
peech ENDED"[39m)[3
3m;[39m
[31m[1m>[22m[39m
[90m 150 |[39m     r
ecognition[33m.[39m
nomatch [33m=[39m 
() [33m=>[39m conso
le[33m.[39mlog([32
m"No Match"[39m)[33
m;[39m
 [90m     |[39m    
             
[31m[1m^[22m[39m
 [90m 151 |[39m
 [90m 152 |[39m    
 recognition[33m.[3
9monresult 
[33m=[39m 
(event[33m:[39m [3
3mSpeechRecognitionEv
ent[39m) 
[33m=>[39m {
 [90m 153 |[39m    
   [36mlet[39m 
fullText [33m=[39m 
[32m""[39m[33m;[3
9m[0m
Next.js build worker 
exited with code: 1 
and signal: null
